[www.tutorialesprogramacionya.com/javascriptya/index.html]
[pagead2.googlesyndication.com/pagead/js/f.txt]
[backblue.gif]
[fade.gif]
[index.html]
[apis.google.com/js/plusone.js]
[www.google-analytics.com/analytics.js]
[www.tutorialesprogramacionya.com/javascriptya/temarios/descripciond0e5.html]
[www.tutorialesprogramacionya.com/javascriptya/imagenes/ejecucion.gif]
[www.tutorialesprogramacionya.com/javascriptya/temarios/descripcion2dbc.html]
[www.tutorialesprogramacionya.com/javascriptya/simulador/simulador0732.html]
[www.tutorialesprogramacionya.com/javascriptya/imagenes/lupa.gif]
[www.tutorialesprogramacionya.com/javascriptya/problemas/problema0732.html]
[www.tutorialesprogramacionya.com/javascriptya/imagenes/examen.gif]
[www.tutorialesprogramacionya.com/javascriptya/temarios/descripcionac17.html]
[www.tutorialesprogramacionya.com/javascriptya/simulador/simulador9778.html]
[www.tutorialesprogramacionya.com/javascriptya/problemas/problema9778.html]
[www.tutorialesprogramacionya.com/javascriptya/temarios/descripcion4d15.html]
[www.tutorialesprogramacionya.com/javascriptya/simulador/simulador7c9b.html]
[www.tutorialesprogramacionya.com/javascriptya/problemas/problema7c9b.html]
[www.tutorialesprogramacionya.com/javascriptya/temarios/descripcion5c05.html]
[www.tutorialesprogramacionya.com/javascriptya/simulador/simulador3dde.html]
[www.tutorialesprogramacionya.com/javascriptya/problemas/problema3dde.html]
[www.tutorialesprogramacionya.com/javascriptya/temarios/descripcione32a.html]
[www.tutorialesprogramacionya.com/javascriptya/simulador/simuladorcba4.html]
[www.tutorialesprogramacionya.com/javascriptya/problemas/problemacba4.html]
[www.tutorialesprogramacionya.com/javascriptya/temarios/descripcionceb7.html]
[www.tutorialesprogramacionya.com/javascriptya/simulador/simulador8b92.html]
[www.tutorialesprogramacionya.com/javascriptya/problemas/problema8b92.html]
[www.tutorialesprogramacionya.com/javascriptya/temarios/descripcion3f19.html]
[www.tutorialesprogramacionya.com/javascriptya/simulador/simulador9830.html]
[www.tutorialesprogramacionya.com/javascriptya/problemas/problema9830.html]
[www.tutorialesprogramacionya.com/javascriptya/temarios/descripcion9c0a.html]
[www.tutorialesprogramacionya.com/javascriptya/simulador/simuladora8ab.html]
[www.tutorialesprogramacionya.com/javascriptya/problemas/problemaa8ab.html]
[www.tutorialesprogramacionya.com/javascriptya/temarios/descripcion3d65.html]
[www.tutorialesprogramacionya.com/javascriptya/simulador/simuladordb0a.html]
[www.tutorialesprogramacionya.com/javascriptya/problemas/problemadb0a.html]
[www.tutorialesprogramacionya.com/javascriptya/index4231.html]
[www.tutorialesprogramacionya.com/javascriptya/index28fa.html]
[www.tutorialesprogramacionya.com/javascriptya/index7732.html]
[www.tutorialesprogramacionya.com/javascriptya/index1e61.html]
[www.tutorialesprogramacionya.com/javascriptya/indexefd7.html]
[www.tutorialesprogramacionya.com/javascriptya/indexd6cc.html]
[www.tutorialesprogramacionya.com/javascriptya/indexe193.html]
[www.tutorialesprogramacionya.com/javascriptya/index20ff.html]
[www.tutorialesprogramacionya.com/javascriptya/indexce34.html]
[www.tutorialesprogramacionya.com/javascriptya/indexf6ce.html]
[www.tutorialesprogramacionya.com/javascriptya/index.html]
[www.tutorialesprogramacionya.com/javascriptya/principal.css]
[www.tutorialesprogramacionya.com/javascriptya/nodejsya/index.html]
[www.tutorialesprogramacionya.com/javascriptya/index842e.html]
[www.tutorialesprogramacionya.com/javascriptya/temarios/descripciond0e5.html]
[www.tutorialesprogramacionya.com/javascriptya/index2904.html]
[www.tutorialesprogramacionya.com/javascriptya/temarios/imagentema/foto005h.jpg]
[www.tutorialesprogramacionya.com/javascriptya/temarios/imagentema/foto005i.jpg]
[www.tutorialesprogramacionya.com/javascriptya/temarios/descripcion2dbc.html]
[ajax.googleapis.com/ajax/libs/jquery/1.7.1/jquery.min.js]
[ajax.googleapis.com/ajax/libs/jqueryui/1.8.16/jquery-ui.min.js]
[cdnjs.cloudflare.com/ajax/libs/codemirror/5.62.2/codemirror.min.css]
[cdnjs.cloudflare.com/ajax/libs/codemirror/5.62.2/codemirror.min.js]
[cdnjs.cloudflare.com/ajax/libs/codemirror/5.62.2/mode/javascript/javascript.min.js]
[cdnjs.cloudflare.com/ajax/libs/codemirror/5.62.2/mode/htmlmixed/htmlmixed.min.js]
[cdnjs.cloudflare.com/ajax/libs/codemirror/5.62.2/mode/xml/xml.min.js]
[cdnjs.cloudflare.com/ajax/libs/codemirror/5.62.2/mode/css/css.min.js]
[www.tutorialesprogramacionya.com/javascriptya/simulador/debug.js]
[www.tutorialesprogramacionya.com/javascriptya/simulador/simulador0732.html]
[www.tutorialesprogramacionya.com/javascriptya/problemas/debug.js]
[www.tutorialesprogramacionya.com/javascriptya/problemas/problema0732.html]
[www.tutorialesprogramacionya.com/javascriptya/temarios/imagentema/foto005.jpg]
[www.tutorialesprogramacionya.com/javascriptya/temarios/imagentema/foto004.jpg]
[www.tutorialesprogramacionya.com/javascriptya/temarios/descripcionac17.html]
[www.tutorialesprogramacionya.com/javascriptya/simulador/simulador9778.html]
[www.tutorialesprogramacionya.com/javascriptya/problemas/problema9778.html]
[www.tutorialesprogramacionya.com/javascriptya/temarios/imagentema/foto005b.jpg]
[www.tutorialesprogramacionya.com/javascriptya/temarios/descripcion4d15.html]
[www.tutorialesprogramacionya.com/javascriptya/simulador/simulador7c9b.html]
[www.tutorialesprogramacionya.com/javascriptya/problemas/problema7c9b.html]
[www.tutorialesprogramacionya.com/javascriptya/temarios/imagentema/foto005c.jpg]
[www.tutorialesprogramacionya.com/javascriptya/temarios/descripcion5c05.html]
[www.tutorialesprogramacionya.com/javascriptya/simulador/simulador3dde.html]
[www.tutorialesprogramacionya.com/javascriptya/problemas/problema3dde.html]
[www.tutorialesprogramacionya.com/javascriptya/temarios/imagentema/foto005d.jpg]
[www.tutorialesprogramacionya.com/javascriptya/temarios/descripcione32a.html]
[www.tutorialesprogramacionya.com/javascriptya/simulador/simuladorcba4.html]
[www.tutorialesprogramacionya.com/javascriptya/problemas/problemacba4.html]
[www.tutorialesprogramacionya.com/javascriptya/temarios/descripcionceb7.html]
[www.tutorialesprogramacionya.com/javascriptya/simulador/simulador8b92.html]
[www.tutorialesprogramacionya.com/javascriptya/problemas/problema8b92.html]
[www.tutorialesprogramacionya.com/javascriptya/temarios/descripcion3f19.html]
[www.tutorialesprogramacionya.com/javascriptya/simulador/simulador9830.html]
[www.tutorialesprogramacionya.com/javascriptya/problemas/problema9830.html]
[www.tutorialesprogramacionya.com/javascriptya/temarios/descripcion9c0a.html]
[www.tutorialesprogramacionya.com/javascriptya/simulador/simuladora8ab.html]
[www.tutorialesprogramacionya.com/javascriptya/problemas/problemaa8ab.html]
[www.tutorialesprogramacionya.com/javascriptya/temarios/descripcion3d65.html]
[www.tutorialesprogramacionya.com/javascriptya/simulador/simuladordb0a.html]
[www.tutorialesprogramacionya.com/javascriptya/problemas/problemadb0a.html]
[www.tutorialesprogramacionya.com/javascriptya/temarios/descripcion5e07.html]
[www.tutorialesprogramacionya.com/javascriptya/simulador/simulador1cf6.html]
[www.tutorialesprogramacionya.com/javascriptya/problemas/problema1cf6.html]
[www.tutorialesprogramacionya.com/javascriptya/temarios/descripcion3170.html]
[www.tutorialesprogramacionya.com/javascriptya/simulador/simulador895f.html]
[www.tutorialesprogramacionya.com/javascriptya/problemas/problema895f.html]
[www.tutorialesprogramacionya.com/javascriptya/temarios/descripcion2c14.html]
[www.tutorialesprogramacionya.com/javascriptya/simulador/simulador49a2.html]
[www.tutorialesprogramacionya.com/javascriptya/problemas/problema49a2.html]
[www.tutorialesprogramacionya.com/javascriptya/temarios/descripcion47ee.html]
[www.tutorialesprogramacionya.com/javascriptya/simulador/simulador931d.html]
[www.tutorialesprogramacionya.com/javascriptya/problemas/problema931d.html]
[www.tutorialesprogramacionya.com/javascriptya/temarios/descripcion00fb.html]
[www.tutorialesprogramacionya.com/javascriptya/simulador/simulador3da6.html]
[www.tutorialesprogramacionya.com/javascriptya/problemas/problema3da6.html]
[www.tutorialesprogramacionya.com/javascriptya/temarios/descripcion9a86.html]
[www.tutorialesprogramacionya.com/javascriptya/simulador/simuladore47d.html]
[www.tutorialesprogramacionya.com/javascriptya/problemas/problemae47d.html]
[www.tutorialesprogramacionya.com/javascriptya/temarios/descripcion833e.html]
[www.tutorialesprogramacionya.com/javascriptya/simulador/simulador04ff.html]
[www.tutorialesprogramacionya.com/javascriptya/problemas/problema04ff.html]
[www.tutorialesprogramacionya.com/javascriptya/temarios/descripcionf49d.html]
[www.tutorialesprogramacionya.com/javascriptya/simulador/simulador6c74.html]
[www.tutorialesprogramacionya.com/javascriptya/problemas/problema6c74.html]
[www.tutorialesprogramacionya.com/javascriptya/temarios/descripcion6442.html]
[www.tutorialesprogramacionya.com/javascriptya/temarios/descripciondcc4.html]
[www.tutorialesprogramacionya.com/javascriptya/simulador/simuladoreff9.html]
[www.tutorialesprogramacionya.com/javascriptya/index4231.html]
[www.tutorialesprogramacionya.com/javascriptya/problemas/problemaeff9.html]
[www.tutorialesprogramacionya.com/javascriptya/temarios/descripcionf206.html]
[www.tutorialesprogramacionya.com/javascriptya/simulador/simuladorbde4.html]
[www.tutorialesprogramacionya.com/javascriptya/problemas/problemabde4.html]
[www.tutorialesprogramacionya.com/javascriptya/temarios/descripcion170d.html]
[www.tutorialesprogramacionya.com/javascriptya/simulador/simuladord058.html]
[www.tutorialesprogramacionya.com/javascriptya/problemas/problemad058.html]
[www.tutorialesprogramacionya.com/javascriptya/temarios/descripcion504a.html]
[www.tutorialesprogramacionya.com/javascriptya/simulador/simulador10bb.html]
[www.tutorialesprogramacionya.com/javascriptya/problemas/problema10bb.html]
[www.tutorialesprogramacionya.com/javascriptya/temarios/descripcion3299.html]
[www.tutorialesprogramacionya.com/javascriptya/simulador/simuladore86e.html]
[www.tutorialesprogramacionya.com/javascriptya/problemas/problemae86e.html]
[www.tutorialesprogramacionya.com/javascriptya/temarios/descripcion3239.html]
[www.tutorialesprogramacionya.com/javascriptya/simulador/simulador1c06.html]
[www.tutorialesprogramacionya.com/javascriptya/problemas/problema1c06.html]
[www.tutorialesprogramacionya.com/javascriptya/temarios/descripcion7a43.html]
[www.tutorialesprogramacionya.com/javascriptya/simulador/simuladorcbd4.html]
[www.tutorialesprogramacionya.com/javascriptya/problemas/problemacbd4.html]
[www.tutorialesprogramacionya.com/javascriptya/temarios/descripcion393b.html]
[www.tutorialesprogramacionya.com/javascriptya/simulador/simulador922f.html]
[www.tutorialesprogramacionya.com/javascriptya/problemas/problema922f.html]
[www.tutorialesprogramacionya.com/javascriptya/temarios/descripcion7380.html]
[www.tutorialesprogramacionya.com/javascriptya/simulador/simulador8cf6.html]
[www.tutorialesprogramacionya.com/javascriptya/problemas/problema8cf6.html]
[www.tutorialesprogramacionya.com/javascriptya/temarios/descripcionb139.html]
[www.tutorialesprogramacionya.com/javascriptya/simulador/simulador79cd.html]
[www.tutorialesprogramacionya.com/javascriptya/problemas/problema79cd.html]
[www.tutorialesprogramacionya.com/javascriptya/temarios/descripcion75e7.html]
[www.tutorialesprogramacionya.com/javascriptya/simulador/simuladore5f4.html]
[www.tutorialesprogramacionya.com/javascriptya/index28fa.html]
[www.tutorialesprogramacionya.com/javascriptya/problemas/problemae5f4.html]
[www.tutorialesprogramacionya.com/javascriptya/temarios/descripciondb59.html]
[www.tutorialesprogramacionya.com/javascriptya/simulador/simulador2b4c.html]
[www.tutorialesprogramacionya.com/javascriptya/problemas/problema2b4c.html]
[www.tutorialesprogramacionya.com/javascriptya/temarios/descripcion7748.html]
[www.tutorialesprogramacionya.com/javascriptya/simulador/simulador5a8a.html]
[www.tutorialesprogramacionya.com/javascriptya/problemas/problema5a8a.html]
[www.tutorialesprogramacionya.com/javascriptya/temarios/descripcion3df5.html]
[www.tutorialesprogramacionya.com/javascriptya/simulador/simuladore0a8.html]
[www.tutorialesprogramacionya.com/javascriptya/problemas/problemae0a8.html]
[www.tutorialesprogramacionya.com/javascriptya/temarios/descripcion13e3.html]
[www.tutorialesprogramacionya.com/javascriptya/simulador/simulador5c48.html]
[www.tutorialesprogramacionya.com/javascriptya/problemas/problema5c48.html]
[www.tutorialesprogramacionya.com/javascriptya/temarios/descripcion2c10.html]
[www.tutorialesprogramacionya.com/javascriptya/simulador/simulador6bf1.html]
[www.tutorialesprogramacionya.com/javascriptya/problemas/problema6bf1.html]
[www.tutorialesprogramacionya.com/javascriptya/temarios/descripcion0ae0.html]
[www.tutorialesprogramacionya.com/javascriptya/temarios/descripciona33b.html]
[www.tutorialesprogramacionya.com/javascriptya/simulador/simulador1e1b.html]
[www.tutorialesprogramacionya.com/javascriptya/problemas/problema1e1b.html]
[www.tutorialesprogramacionya.com/javascriptya/temarios/descripcion2584.html]
[www.tutorialesprogramacionya.com/javascriptya/simulador/simulador4267.html]
[www.tutorialesprogramacionya.com/javascriptya/problemas/problema4267.html]
[www.tutorialesprogramacionya.com/javascriptya/temarios/descripcion4928.html]
[www.tutorialesprogramacionya.com/javascriptya/temarios/descripcion8226.html]
[www.tutorialesprogramacionya.com/javascriptya/simulador/simulador55d5.html]
[www.tutorialesprogramacionya.com/javascriptya/index7732.html]
[www.tutorialesprogramacionya.com/javascriptya/problemas/problema55d5.html]
[www.tutorialesprogramacionya.com/javascriptya/temarios/descripcion72cf.html]
[www.tutorialesprogramacionya.com/javascriptya/simulador/simulador4ef0.html]
[www.tutorialesprogramacionya.com/javascriptya/problemas/problema4ef0.html]
[www.tutorialesprogramacionya.com/javascriptya/temarios/descripcionc3f4.html]
[www.tutorialesprogramacionya.com/javascriptya/simulador/simulador58b0.html]
[www.tutorialesprogramacionya.com/javascriptya/problemas/problema58b0.html]
[www.tutorialesprogramacionya.com/javascriptya/temarios/descripcioncb08.html]
[www.tutorialesprogramacionya.com/javascriptya/simulador/simulador1394.html]
[www.tutorialesprogramacionya.com/javascriptya/problemas/problema1394.html]
[www.tutorialesprogramacionya.com/javascriptya/temarios/descripcionc4ba.html]
[www.tutorialesprogramacionya.com/javascriptya/simulador/simulador86fe.html]
[www.tutorialesprogramacionya.com/javascriptya/problemas/problema86fe.html]
[www.tutorialesprogramacionya.com/javascriptya/temarios/descripcion1053.html]
[www.tutorialesprogramacionya.com/javascriptya/simulador/simulador0aa7.html]
[www.tutorialesprogramacionya.com/javascriptya/problemas/problema0aa7.html]
[www.tutorialesprogramacionya.com/javascriptya/temarios/descripcion0085.html]
[www.tutorialesprogramacionya.com/javascriptya/simulador/simulador960a.html]
[www.tutorialesprogramacionya.com/javascriptya/problemas/problema960a.html]
[www.tutorialesprogramacionya.com/javascriptya/temarios/descripcion10b3.html]
[www.tutorialesprogramacionya.com/javascriptya/simulador/simulador9788.html]
[www.tutorialesprogramacionya.com/javascriptya/problemas/problema9788.html]
[www.tutorialesprogramacionya.com/javascriptya/temarios/descripcion4029.html]
[www.tutorialesprogramacionya.com/javascriptya/simulador/simulador6e73.html]
[www.tutorialesprogramacionya.com/javascriptya/temarios/descripcionf84c.html]
[www.tutorialesprogramacionya.com/javascriptya/simulador/simulador263f.html]
[www.tutorialesprogramacionya.com/javascriptya/temarios/descripcionaae3.html]
[www.tutorialesprogramacionya.com/javascriptya/simulador/simulador8f2f.html]
[www.tutorialesprogramacionya.com/javascriptya/index1e61.html]
[www.tutorialesprogramacionya.com/javascriptya/problemas/problema8f2f.html]
[www.tutorialesprogramacionya.com/javascriptya/temarios/descripcion0176.html]
[www.tutorialesprogramacionya.com/javascriptya/simulador/simuladorc365.html]
[www.tutorialesprogramacionya.com/javascriptya/problemas/problemac365.html]
[www.tutorialesprogramacionya.com/javascriptya/temarios/descripcion0b86.html]
[www.tutorialesprogramacionya.com/javascriptya/simulador/simulador769f.html]
[www.tutorialesprogramacionya.com/javascriptya/problemas/problema769f.html]
[www.tutorialesprogramacionya.com/javascriptya/temarios/descripcion5fb6.html]
[www.tutorialesprogramacionya.com/javascriptya/simulador/simulador48ca.html]
[www.tutorialesprogramacionya.com/javascriptya/problemas/problema48ca.html]
[www.tutorialesprogramacionya.com/javascriptya/temarios/descripcionc90f.html]
[www.tutorialesprogramacionya.com/javascriptya/simulador/simulador84ac.html]
[www.tutorialesprogramacionya.com/javascriptya/temarios/descripcion4f6d.html]
[www.tutorialesprogramacionya.com/javascriptya/simulador/simulador3a35.html]
[www.tutorialesprogramacionya.com/javascriptya/problemas/problema3a35.html]
[www.tutorialesprogramacionya.com/javascriptya/temarios/descripcioncfa4.html]
[www.tutorialesprogramacionya.com/javascriptya/simulador/simulador6aa4.html]
[www.tutorialesprogramacionya.com/javascriptya/temarios/descripcionac58.html]
[www.tutorialesprogramacionya.com/javascriptya/simulador/simuladorf0be.html]
[www.tutorialesprogramacionya.com/javascriptya/problemas/problemaf0be.html]
[www.tutorialesprogramacionya.com/javascriptya/temarios/descripcion9d58.html]
[www.tutorialesprogramacionya.com/javascriptya/simulador/simulador5b12.html]
[www.tutorialesprogramacionya.com/javascriptya/temarios/descripcion3e34.html]
[www.tutorialesprogramacionya.com/javascriptya/simulador/simuladord4d2.html]
[www.tutorialesprogramacionya.com/javascriptya/temarios/descripcion77c6.html]
[www.tutorialesprogramacionya.com/javascriptya/simulador/simulador9200.html]
[www.tutorialesprogramacionya.com/javascriptya/indexefd7.html]
[www.tutorialesprogramacionya.com/javascriptya/problemas/problema9200.html]
[www.tutorialesprogramacionya.com/javascriptya/temarios/descripcion5443.html]
[www.tutorialesprogramacionya.com/javascriptya/simulador/simuladore384.html]
[www.tutorialesprogramacionya.com/javascriptya/temarios/descripcion6eba.html]
[www.tutorialesprogramacionya.com/javascriptya/simulador/simulador92a9.html]
[www.tutorialesprogramacionya.com/javascriptya/temarios/descripcion6aad.html]
[www.tutorialesprogramacionya.com/javascriptya/simulador/simuladoradd4.html]
[www.tutorialesprogramacionya.com/javascriptya/problemas/problemaadd4.html]
[www.tutorialesprogramacionya.com/javascriptya/temarios/descripcion557d.html]
[www.tutorialesprogramacionya.com/javascriptya/simulador/simulador27eb.html]
[www.tutorialesprogramacionya.com/javascriptya/problemas/problema27eb.html]
[www.tutorialesprogramacionya.com/javascriptya/temarios/descripcionafe6.html]
[www.tutorialesprogramacionya.com/javascriptya/simulador/simulador6e05.html]
[www.tutorialesprogramacionya.com/javascriptya/problemas/problema6e05.html]
[www.tutorialesprogramacionya.com/javascriptya/temarios/descripcion9087.html]
[www.tutorialesprogramacionya.com/javascriptya/simulador/simuladorfd07.html]
[www.tutorialesprogramacionya.com/javascriptya/temarios/descripcion9fec.html]
[www.tutorialesprogramacionya.com/javascriptya/simulador/simuladorc871.html]
[www.tutorialesprogramacionya.com/javascriptya/temarios/descripcion7045.html]
[www.tutorialesprogramacionya.com/javascriptya/simulador/simulador63c9.html]
[www.tutorialesprogramacionya.com/javascriptya/problemas/problema63c9.html]
[www.tutorialesprogramacionya.com/javascriptya/temarios/descripcion9cbf.html]
[www.tutorialesprogramacionya.com/javascriptya/simulador/simulador9902.html]
[www.tutorialesprogramacionya.com/javascriptya/temarios/descripcion1cfa.html]
[www.tutorialesprogramacionya.com/javascriptya/simulador/simulador7240.html]
[www.tutorialesprogramacionya.com/javascriptya/indexd6cc.html]
[www.tutorialesprogramacionya.com/javascriptya/problemas/problema7240.html]
[www.tutorialesprogramacionya.com/javascriptya/temarios/descripcionb80d.html]
[www.tutorialesprogramacionya.com/javascriptya/simulador/simulador9b03.html]
[www.tutorialesprogramacionya.com/javascriptya/temarios/descripcionb964.html]
[www.tutorialesprogramacionya.com/javascriptya/temarios/descripciond212.html]
[www.tutorialesprogramacionya.com/javascriptya/simulador/simuladord7b1.html]
[www.tutorialesprogramacionya.com/javascriptya/temarios/descripciondcab.html]
[www.tutorialesprogramacionya.com/javascriptya/simulador/simulador0cd0.html]
[www.tutorialesprogramacionya.com/javascriptya/problemas/problema0cd0.html]
[www.tutorialesprogramacionya.com/javascriptya/temarios/descripcionf9ca.html]
[www.tutorialesprogramacionya.com/javascriptya/simulador/simulador6ea6.html]
[www.tutorialesprogramacionya.com/javascriptya/problemas/problema6ea6.html]
[www.tutorialesprogramacionya.com/javascriptya/temarios/descripcion01f2.html]
[www.tutorialesprogramacionya.com/javascriptya/simulador/simuladorfba9.html]
[www.tutorialesprogramacionya.com/javascriptya/problemas/problemafba9.html]
[www.tutorialesprogramacionya.com/javascriptya/temarios/descripcion24f9.html]
[www.tutorialesprogramacionya.com/javascriptya/simulador/simulador1569.html]
[www.tutorialesprogramacionya.com/javascriptya/temarios/descripcion3121.html]
[www.tutorialesprogramacionya.com/javascriptya/simulador/simulador3579.html]
[www.tutorialesprogramacionya.com/javascriptya/temarios/descripcionaa7a.html]
[www.tutorialesprogramacionya.com/javascriptya/simulador/simulador578a.html]
[www.tutorialesprogramacionya.com/javascriptya/temarios/descripcioneee6.html]
[www.tutorialesprogramacionya.com/javascriptya/simulador/simulador1752.html]
[www.tutorialesprogramacionya.com/javascriptya/indexe193.html]
[www.tutorialesprogramacionya.com/javascriptya/problemas/problema1752.html]
[www.tutorialesprogramacionya.com/javascriptya/temarios/descripcion68ca.html]
[www.tutorialesprogramacionya.com/javascriptya/simulador/simulador66eb.html]
[www.tutorialesprogramacionya.com/javascriptya/temarios/descripcionc286.html]
[www.tutorialesprogramacionya.com/javascriptya/simulador/simuladorf3a5.html]
[www.tutorialesprogramacionya.com/javascriptya/problemas/problemaf3a5.html]
[www.tutorialesprogramacionya.com/javascriptya/temarios/descripcion515e.html]
[www.tutorialesprogramacionya.com/javascriptya/simulador/simuladorf777.html]
[www.tutorialesprogramacionya.com/javascriptya/problemas/problemaf777.html]
[www.tutorialesprogramacionya.com/javascriptya/temarios/descripcionb57a.html]
[www.tutorialesprogramacionya.com/javascriptya/simulador/simulador62bc.html]
[www.tutorialesprogramacionya.com/javascriptya/temarios/descripcion7cf1.html]
[www.tutorialesprogramacionya.com/javascriptya/simulador/simuladord4b5.html]
[www.tutorialesprogramacionya.com/javascriptya/problemas/problemad4b5.html]
[www.tutorialesprogramacionya.com/javascriptya/temarios/descripcion0849.html]
[www.tutorialesprogramacionya.com/javascriptya/simulador/simuladorece1.html]
[www.tutorialesprogramacionya.com/javascriptya/temarios/descripcion0861.html]
[www.tutorialesprogramacionya.com/javascriptya/simulador/simulador77e5.html]
[www.tutorialesprogramacionya.com/javascriptya/temarios/descripcioncbc7.html]
[www.tutorialesprogramacionya.com/javascriptya/simulador/simulador58b4.html]
[www.tutorialesprogramacionya.com/javascriptya/temarios/descripcion6f25.html]
[www.tutorialesprogramacionya.com/javascriptya/simulador/simulador654a.html]
[www.tutorialesprogramacionya.com/javascriptya/temarios/descripcion637d.html]
[www.tutorialesprogramacionya.com/javascriptya/simulador/simuladorb5e3.html]
[www.tutorialesprogramacionya.com/javascriptya/index20ff.html]
[www.tutorialesprogramacionya.com/javascriptya/problemas/problemab5e3.html]
[www.tutorialesprogramacionya.com/javascriptya/temarios/descripcion2784.html]
[www.tutorialesprogramacionya.com/javascriptya/simulador/simulador0e23.html]
[www.tutorialesprogramacionya.com/javascriptya/problemas/problema0e23.html]
[www.tutorialesprogramacionya.com/javascriptya/temarios/descripcion5bbc.html]
[www.tutorialesprogramacionya.com/javascriptya/simulador/simulador8d12.html]
[www.tutorialesprogramacionya.com/javascriptya/problemas/problema8d12.html]
[www.tutorialesprogramacionya.com/javascriptya/temarios/descripcionb759.html]
[www.tutorialesprogramacionya.com/javascriptya/simulador/simulador72f8.html]
[www.tutorialesprogramacionya.com/javascriptya/problemas/problema72f8.html]
[www.tutorialesprogramacionya.com/javascriptya/temarios/descripcion1eea.html]
[www.tutorialesprogramacionya.com/javascriptya/simulador/simulador9d3d.html]
[www.tutorialesprogramacionya.com/javascriptya/problemas/problema9d3d.html]
[www.tutorialesprogramacionya.com/javascriptya/temarios/descripcioncaa3.html]
[www.tutorialesprogramacionya.com/javascriptya/simulador/simulador38a2.html]
[www.tutorialesprogramacionya.com/javascriptya/problemas/problema38a2.html]
[www.tutorialesprogramacionya.com/javascriptya/temarios/descripcion0619.html]
[www.tutorialesprogramacionya.com/javascriptya/simulador/simuladorf4ba.html]
[www.tutorialesprogramacionya.com/javascriptya/problemas/problemaf4ba.html]
[www.tutorialesprogramacionya.com/javascriptya/temarios/descripcion6f66.html]
[www.tutorialesprogramacionya.com/javascriptya/simulador/simuladore736.html]
[www.tutorialesprogramacionya.com/javascriptya/problemas/problemae736.html]
[www.tutorialesprogramacionya.com/javascriptya/temarios/descripcion8248.html]
[www.tutorialesprogramacionya.com/javascriptya/simulador/simulador155b.html]
[www.tutorialesprogramacionya.com/javascriptya/problemas/problema155b.html]
[www.tutorialesprogramacionya.com/javascriptya/temarios/descripcion4a48.html]
[www.tutorialesprogramacionya.com/javascriptya/simulador/simuladorca8c.html]
[www.tutorialesprogramacionya.com/javascriptya/problemas/problemaca8c.html]
[www.tutorialesprogramacionya.com/javascriptya/temarios/descripcion7230.html]
[www.tutorialesprogramacionya.com/javascriptya/simulador/simuladora103.html]
[www.tutorialesprogramacionya.com/javascriptya/indexce34.html]
[www.tutorialesprogramacionya.com/javascriptya/problemas/problemaa103.html]
[www.tutorialesprogramacionya.com/javascriptya/temarios/descripcion53e7.html]
[www.tutorialesprogramacionya.com/javascriptya/temarios/descripcion9ddf.html]
[www.tutorialesprogramacionya.com/javascriptya/simulador/simuladorb754.html]
[www.tutorialesprogramacionya.com/javascriptya/problemas/problemab754.html]
[www.tutorialesprogramacionya.com/javascriptya/temarios/descripcion43ef.html]
[www.tutorialesprogramacionya.com/javascriptya/simulador/simulador5a94.html]
[www.tutorialesprogramacionya.com/javascriptya/problemas/problema5a94.html]
[www.tutorialesprogramacionya.com/javascriptya/temarios/descripcion1ff5.html]
[www.tutorialesprogramacionya.com/javascriptya/temarios/descripcion2665.html]
[www.tutorialesprogramacionya.com/javascriptya/simulador/simuladorf4a0.html]
[www.tutorialesprogramacionya.com/javascriptya/temarios/descripcion6330.html]
[www.tutorialesprogramacionya.com/javascriptya/simulador/simulador4bc6.html]
[www.tutorialesprogramacionya.com/javascriptya/problemas/problema4bc6.html]
[www.tutorialesprogramacionya.com/javascriptya/temarios/descripcion69ac.html]
[www.tutorialesprogramacionya.com/javascriptya/temarios/descripcionf204.html]
[www.tutorialesprogramacionya.com/javascriptya/simulador/simulador752f.html]
[www.tutorialesprogramacionya.com/javascriptya/problemas/problema752f.html]
[www.tutorialesprogramacionya.com/javascriptya/temarios/descripcionace9.html]
[www.tutorialesprogramacionya.com/javascriptya/simulador/simulador2cd6.html]
[www.tutorialesprogramacionya.com/javascriptya/problemas/problema2cd6.html]
[www.tutorialesprogramacionya.com/javascriptya/indexf6ce.html]
[www.tutorialesprogramacionya.com/javascriptya/temarios/descripcion0dc4.html]
[www.tutorialesprogramacionya.com/javascriptya/index842e.html]
[www.tutorialesprogramacionya.com/javascriptya/temarios/descripcionf4fa.html]
[www.tutorialesprogramacionya.com/javascriptya/imagenes/upperleft.png]
[www.tutorialesprogramacionya.com/javascriptya/imagenes/upperright.png]
[www.tutorialesprogramacionya.com/javascriptya/imagenes/lowerleft.png]
[www.tutorialesprogramacionya.com/javascriptya/imagenes/lowerright.png]
[www.tutorialesprogramacionya.com/javascriptya/css/estilos.css]
[www.tutorialesprogramacionya.com/javascriptya/index2904.html]
[www.tutorialesprogramacionya.com/javascriptya/simulador/estilos.css]
[ajax.googleapis.com/ajax/libs/jqueryui/1.8.16/themes/smoothness/images/ui-bg_flat_75_ffffff_40x100.png]
[ajax.googleapis.com/ajax/libs/jqueryui/1.8.16/themes/smoothness/images/ui-bg_highlight-soft_75_cccccc_1x100.png]
[ajax.googleapis.com/ajax/libs/jqueryui/1.8.16/themes/smoothness/images/ui-bg_glass_75_e6e6e6_1x400.png]
[ajax.googleapis.com/ajax/libs/jqueryui/1.8.16/themes/smoothness/images/ui-bg_glass_75_dadada_1x400.png]
[ajax.googleapis.com/ajax/libs/jqueryui/1.8.16/themes/smoothness/images/ui-bg_glass_65_ffffff_1x400.png]
[ajax.googleapis.com/ajax/libs/jqueryui/1.8.16/themes/smoothness/images/ui-bg_glass_55_fbf9ee_1x400.png]
[ajax.googleapis.com/ajax/libs/jqueryui/1.8.16/themes/smoothness/images/ui-bg_glass_95_fef1ec_1x400.png]
[ajax.googleapis.com/ajax/libs/jqueryui/1.8.16/themes/smoothness/images/ui-icons_222222_256x240.png]
[ajax.googleapis.com/ajax/libs/jqueryui/1.8.16/themes/smoothness/images/ui-icons_888888_256x240.png]
[ajax.googleapis.com/ajax/libs/jqueryui/1.8.16/themes/smoothness/images/ui-icons_454545_256x240.png]
[ajax.googleapis.com/ajax/libs/jqueryui/1.8.16/themes/smoothness/images/ui-icons_2e83ff_256x240.png]
[ajax.googleapis.com/ajax/libs/jqueryui/1.8.16/themes/smoothness/images/ui-icons_cd0a0a_256x240.png]
[ajax.googleapis.com/ajax/libs/jqueryui/1.8.16/themes/smoothness/images/ui-bg_flat_0_aaaaaa_40x100.png]
[ajax.googleapis.com/ajax/libs/jqueryui/1.8.16/themes/smoothness/jquery-ui.css]
[cdnjs.cloudflare.com/ajax/libs/codemirror/5.62.2/codemirror.min.css]
[www.tutorialesprogramacionya.com/javascriptya/simulador/vacio.html]
[www.tutorialesprogramacionya.com/javascriptya/problemas/estilos.css]
[www.tutorialesprogramacionya.com/javascriptya/problemas/vacio.html]
[www.tutorialesprogramacionya.com/javascriptya/temarios/descripcion5e07.html]
[www.tutorialesprogramacionya.com/javascriptya/simulador/simulador1cf6.html]
[www.tutorialesprogramacionya.com/javascriptya/problemas/problema1cf6.html]
[www.tutorialesprogramacionya.com/javascriptya/temarios/descripcion3170.html]
[www.tutorialesprogramacionya.com/javascriptya/simulador/simulador895f.html]
[www.tutorialesprogramacionya.com/javascriptya/problemas/problema895f.html]
[www.tutorialesprogramacionya.com/javascriptya/temarios/descripcion2c14.html]
[www.tutorialesprogramacionya.com/javascriptya/simulador/simulador49a2.html]
[www.tutorialesprogramacionya.com/javascriptya/problemas/problema49a2.html]
[www.tutorialesprogramacionya.com/javascriptya/temarios/descripcion47ee.html]
[www.tutorialesprogramacionya.com/javascriptya/simulador/simulador931d.html]
[www.tutorialesprogramacionya.com/javascriptya/problemas/problema931d.html]
[www.tutorialesprogramacionya.com/javascriptya/temarios/imagentema/foto005e.jpg]
[www.tutorialesprogramacionya.com/javascriptya/temarios/imagentema/foto005f.jpg]
[www.tutorialesprogramacionya.com/javascriptya/temarios/imagentema/foto005g.jpg]
[www.tutorialesprogramacionya.com/javascriptya/temarios/descripcion00fb.html]
[www.tutorialesprogramacionya.com/javascriptya/simulador/simulador3da6.html]
[www.tutorialesprogramacionya.com/javascriptya/problemas/problema3da6.html]
[www.tutorialesprogramacionya.com/javascriptya/temarios/imagentema/foto005j.jpg]
[www.tutorialesprogramacionya.com/javascriptya/temarios/descripcion9a86.html]
[www.tutorialesprogramacionya.com/javascriptya/simulador/simuladore47d.html]
[www.tutorialesprogramacionya.com/javascriptya/problemas/problemae47d.html]
[www.tutorialesprogramacionya.com/javascriptya/temarios/descripcion833e.html]
[www.tutorialesprogramacionya.com/javascriptya/simulador/simulador04ff.html]
[www.tutorialesprogramacionya.com/javascriptya/problemas/problema04ff.html]
[www.tutorialesprogramacionya.com/javascriptya/temarios/descripcionf49d.html]
[www.tutorialesprogramacionya.com/javascriptya/simulador/simulador6c74.html]
[www.tutorialesprogramacionya.com/javascriptya/problemas/problema6c74.html]
[www.tutorialesprogramacionya.com/javascriptya/temarios/descripcion6442.html]
[www.tutorialesprogramacionya.com/javascriptya/temarios/imagentema/foto010.jpg]
[www.tutorialesprogramacionya.com/javascriptya/temarios/descripciondcc4.html]
[www.tutorialesprogramacionya.com/javascriptya/simulador/simuladoreff9.html]
[www.tutorialesprogramacionya.com/javascriptya/problemas/problemaeff9.html]
[www.tutorialesprogramacionya.com/javascriptya/temarios/descripcionf206.html]
[www.tutorialesprogramacionya.com/javascriptya/simulador/simuladorbde4.html]
[www.tutorialesprogramacionya.com/javascriptya/problemas/problemabde4.html]
[www.tutorialesprogramacionya.com/javascriptya/temarios/descripcion170d.html]
[www.tutorialesprogramacionya.com/javascriptya/simulador/simuladord058.html]
[www.tutorialesprogramacionya.com/javascriptya/problemas/problemad058.html]
[www.tutorialesprogramacionya.com/javascriptya/temarios/descripcion504a.html]
[www.tutorialesprogramacionya.com/javascriptya/simulador/simulador10bb.html]
[www.tutorialesprogramacionya.com/javascriptya/problemas/problema10bb.html]
[www.tutorialesprogramacionya.com/javascriptya/temarios/descripcion3299.html]
[www.tutorialesprogramacionya.com/javascriptya/simulador/simuladore86e.html]
[www.tutorialesprogramacionya.com/javascriptya/problemas/problemae86e.html]
[www.tutorialesprogramacionya.com/javascriptya/temarios/descripcion3239.html]
[www.tutorialesprogramacionya.com/javascriptya/simulador/simulador1c06.html]
[www.tutorialesprogramacionya.com/javascriptya/problemas/problema1c06.html]
[www.tutorialesprogramacionya.com/javascriptya/temarios/descripcion7a43.html]
[www.tutorialesprogramacionya.com/javascriptya/simulador/simuladorcbd4.html]
[www.tutorialesprogramacionya.com/javascriptya/problemas/problemacbd4.html]
[www.tutorialesprogramacionya.com/javascriptya/temarios/descripcion393b.html]
[www.tutorialesprogramacionya.com/javascriptya/simulador/simulador922f.html]
[www.tutorialesprogramacionya.com/javascriptya/problemas/problema922f.html]
[www.tutorialesprogramacionya.com/javascriptya/temarios/descripcion7380.html]
[www.tutorialesprogramacionya.com/javascriptya/simulador/simulador8cf6.html]
[www.tutorialesprogramacionya.com/javascriptya/problemas/problema8cf6.html]
[www.tutorialesprogramacionya.com/javascriptya/temarios/descripcionb139.html]
[www.tutorialesprogramacionya.com/javascriptya/simulador/simulador79cd.html]
[www.tutorialesprogramacionya.com/javascriptya/problemas/problema79cd.html]
[www.tutorialesprogramacionya.com/javascriptya/temarios/descripcion75e7.html]
[www.tutorialesprogramacionya.com/javascriptya/simulador/simuladore5f4.html]
[www.tutorialesprogramacionya.com/javascriptya/problemas/problemae5f4.html]
[www.tutorialesprogramacionya.com/javascriptya/temarios/descripciondb59.html]
[www.tutorialesprogramacionya.com/javascriptya/simulador/simulador2b4c.html]
[www.tutorialesprogramacionya.com/javascriptya/problemas/problema2b4c.html]
[www.tutorialesprogramacionya.com/javascriptya/temarios/descripcion7748.html]
[www.tutorialesprogramacionya.com/javascriptya/simulador/simulador5a8a.html]
[www.tutorialesprogramacionya.com/javascriptya/problemas/problema5a8a.html]
[www.tutorialesprogramacionya.com/javascriptya/temarios/descripcion3df5.html]
[www.tutorialesprogramacionya.com/javascriptya/simulador/simuladore0a8.html]
[www.tutorialesprogramacionya.com/javascriptya/problemas/problemae0a8.html]
[www.tutorialesprogramacionya.com/javascriptya/temarios/descripcion13e3.html]
[www.tutorialesprogramacionya.com/javascriptya/simulador/simulador5c48.html]
[www.tutorialesprogramacionya.com/javascriptya/problemas/problema5c48.html]
[www.tutorialesprogramacionya.com/javascriptya/imagenes/dibujo01.jpg]
[www.tutorialesprogramacionya.com/javascriptya/temarios/descripcion2c10.html]
[www.tutorialesprogramacionya.com/javascriptya/simulador/simulador6bf1.html]
[www.tutorialesprogramacionya.com/javascriptya/problemas/problema6bf1.html]
[www.tutorialesprogramacionya.com/javascriptya/temarios/descripcion0ae0.html]
[www.tutorialesprogramacionya.com/javascriptya/temarios/descripciona33b.html]
[www.tutorialesprogramacionya.com/javascriptya/simulador/simulador1e1b.html]
[www.tutorialesprogramacionya.com/javascriptya/problemas/problema1e1b.html]
[www.tutorialesprogramacionya.com/javascriptya/temarios/imagentema/foto005k.jpg]
[www.tutorialesprogramacionya.com/javascriptya/temarios/descripcion2584.html]
[www.tutorialesprogramacionya.com/javascriptya/simulador/simulador4267.html]
[www.tutorialesprogramacionya.com/javascriptya/problemas/problema4267.html]
[www.tutorialesprogramacionya.com/javascriptya/temarios/descripcion4928.html]
[www.tutorialesprogramacionya.com/javascriptya/temarios/descripcion8226.html]
[www.tutorialesprogramacionya.com/javascriptya/simulador/simulador55d5.html]
[www.tutorialesprogramacionya.com/javascriptya/problemas/problema55d5.html]
[www.tutorialesprogramacionya.com/javascriptya/temarios/descripcion72cf.html]
[www.tutorialesprogramacionya.com/javascriptya/simulador/simulador4ef0.html]
[www.tutorialesprogramacionya.com/javascriptya/problemas/problema4ef0.html]
[www.tutorialesprogramacionya.com/javascriptya/temarios/descripcionc3f4.html]
[www.tutorialesprogramacionya.com/javascriptya/simulador/simulador58b0.html]
[www.tutorialesprogramacionya.com/javascriptya/problemas/problema58b0.html]
[www.tutorialesprogramacionya.com/javascriptya/temarios/descripcioncb08.html]
[www.tutorialesprogramacionya.com/javascriptya/simulador/simulador1394.html]
[www.tutorialesprogramacionya.com/javascriptya/problemas/problema1394.html]
[www.tutorialesprogramacionya.com/javascriptya/temarios/descripcionc4ba.html]
[www.tutorialesprogramacionya.com/javascriptya/simulador/simulador86fe.html]
[www.tutorialesprogramacionya.com/javascriptya/problemas/problema86fe.html]
[www.tutorialesprogramacionya.com/javascriptya/temarios/descripcion1053.html]
[www.tutorialesprogramacionya.com/javascriptya/simulador/simulador0aa7.html]
[www.tutorialesprogramacionya.com/javascriptya/problemas/problema0aa7.html]
[www.tutorialesprogramacionya.com/javascriptya/temarios/descripcion0085.html]
[www.tutorialesprogramacionya.com/javascriptya/simulador/simulador960a.html]
[www.tutorialesprogramacionya.com/javascriptya/problemas/problema960a.html]
[www.tutorialesprogramacionya.com/javascriptya/temarios/descripcion10b3.html]
[www.tutorialesprogramacionya.com/javascriptya/simulador/simulador9788.html]
[www.tutorialesprogramacionya.com/javascriptya/problemas/problema9788.html]
[www.tutorialesprogramacionya.com/javascriptya/temarios/descripcion4029.html]
[www.tutorialesprogramacionya.com/javascriptya/simulador/simulador6e73.html]
[www.tutorialesprogramacionya.com/javascriptya/temarios/descripcionf84c.html]
[www.tutorialesprogramacionya.com/javascriptya/simulador/simulador263f.html]
[www.tutorialesprogramacionya.com/javascriptya/temarios/descripcionaae3.html]
[www.tutorialesprogramacionya.com/javascriptya/simulador/simulador8f2f.html]
[www.tutorialesprogramacionya.com/javascriptya/problemas/problema8f2f.html]
[www.tutorialesprogramacionya.com/javascriptya/temarios/descripcion0176.html]
[www.tutorialesprogramacionya.com/javascriptya/simulador/simuladorc365.html]
[www.tutorialesprogramacionya.com/javascriptya/problemas/problemac365.html]
[www.tutorialesprogramacionya.com/javascriptya/temarios/descripcion0b86.html]
[www.tutorialesprogramacionya.com/javascriptya/simulador/simulador769f.html]
[www.tutorialesprogramacionya.com/javascriptya/problemas/problema769f.html]
[www.tutorialesprogramacionya.com/javascriptya/temarios/descripcion5fb6.html]
[www.tutorialesprogramacionya.com/javascriptya/simulador/simulador48ca.html]
[www.tutorialesprogramacionya.com/javascriptya/problemas/problema48ca.html]
[www.tutorialesprogramacionya.com/javascriptya/temarios/descripcionc90f.html]
[www.tutorialesprogramacionya.com/javascriptya/simulador/simulador84ac.html]
[www.tutorialesprogramacionya.com/javascriptya/temarios/descripcion4f6d.html]
[www.tutorialesprogramacionya.com/javascriptya/simulador/simulador3a35.html]
[www.tutorialesprogramacionya.com/javascriptya/problemas/problema3a35.html]
[www.tutorialesprogramacionya.com/javascriptya/temarios/descripcioncfa4.html]
[www.tutorialesprogramacionya.com/javascriptya/simulador/simulador6aa4.html]
[www.tutorialesprogramacionya.com/javascriptya/temarios/descripcionac58.html]
[www.tutorialesprogramacionya.com/javascriptya/simulador/simuladorf0be.html]
[www.tutorialesprogramacionya.com/javascriptya/problemas/problemaf0be.html]
[www.tutorialesprogramacionya.com/javascriptya/temarios/imagentema/foto005m.jpg]
[www.tutorialesprogramacionya.com/javascriptya/temarios/descripcion9d58.html]
[www.tutorialesprogramacionya.com/javascriptya/simulador/simulador5b12.html]
[www.tutorialesprogramacionya.com/javascriptya/temarios/descripcion3e34.html]
[www.tutorialesprogramacionya.com/javascriptya/simulador/simuladord4d2.html]
[www.tutorialesprogramacionya.com/javascriptya/temarios/descripcion77c6.html]
[www.tutorialesprogramacionya.com/javascriptya/simulador/simulador9200.html]
[www.tutorialesprogramacionya.com/javascriptya/problemas/problema9200.html]
[www.tutorialesprogramacionya.com/javascriptya/temarios/descripcion5443.html]
[www.tutorialesprogramacionya.com/javascriptya/simulador/simuladore384.html]
[www.tutorialesprogramacionya.com/javascriptya/temarios/descripcion6eba.html]
[www.tutorialesprogramacionya.com/javascriptya/simulador/simulador92a9.html]
[www.tutorialesprogramacionya.com/javascriptya/temarios/imagentema/foto005n.jpg]
[www.tutorialesprogramacionya.com/javascriptya/temarios/descripcion6aad.html]
[www.tutorialesprogramacionya.com/javascriptya/simulador/simuladoradd4.html]
[www.tutorialesprogramacionya.com/javascriptya/problemas/problemaadd4.html]
[www.tutorialesprogramacionya.com/javascriptya/temarios/descripcion557d.html]
[www.tutorialesprogramacionya.com/javascriptya/simulador/simulador27eb.html]
[www.tutorialesprogramacionya.com/javascriptya/problemas/problema27eb.html]
[www.tutorialesprogramacionya.com/javascriptya/temarios/descripcionafe6.html]
[www.tutorialesprogramacionya.com/javascriptya/simulador/simulador6e05.html]
[www.tutorialesprogramacionya.com/javascriptya/problemas/problema6e05.html]
[www.tutorialesprogramacionya.com/javascriptya/temarios/descripcion9087.html]
[www.tutorialesprogramacionya.com/javascriptya/simulador/simuladorfd07.html]
[www.tutorialesprogramacionya.com/javascriptya/temarios/descripcion9fec.html]
[www.tutorialesprogramacionya.com/javascriptya/simulador/simuladorc871.html]
[www.tutorialesprogramacionya.com/javascriptya/temarios/descripcion7045.html]
[www.tutorialesprogramacionya.com/javascriptya/simulador/simulador63c9.html]
[www.tutorialesprogramacionya.com/javascriptya/problemas/problema63c9.html]
[www.tutorialesprogramacionya.com/javascriptya/temarios/descripcion9cbf.html]
[www.tutorialesprogramacionya.com/javascriptya/simulador/simulador9902.html]
[www.tutorialesprogramacionya.com/javascriptya/temarios/descripcion1cfa.html]
[www.tutorialesprogramacionya.com/javascriptya/simulador/simulador7240.html]
[www.tutorialesprogramacionya.com/javascriptya/problemas/problema7240.html]
[www.tutorialesprogramacionya.com/javascriptya/temarios/descripcionb80d.html]
[www.tutorialesprogramacionya.com/javascriptya/simulador/simulador9b03.html]
[www.tutorialesprogramacionya.com/javascriptya/temarios/descripcionb964.html]
[www.tutorialesprogramacionya.com/javascriptya/temarios/descripciond212.html]
[www.tutorialesprogramacionya.com/javascriptya/simulador/simuladord7b1.html]
[www.tutorialesprogramacionya.com/javascriptya/temarios/descripciondcab.html]
[www.tutorialesprogramacionya.com/javascriptya/simulador/simulador0cd0.html]
[www.tutorialesprogramacionya.com/javascriptya/problemas/problema0cd0.html]
[www.tutorialesprogramacionya.com/javascriptya/temarios/descripcionf9ca.html]
[www.tutorialesprogramacionya.com/javascriptya/simulador/simulador6ea6.html]
[www.tutorialesprogramacionya.com/javascriptya/problemas/problema6ea6.html]
[www.tutorialesprogramacionya.com/javascriptya/temarios/descripcion01f2.html]
[www.tutorialesprogramacionya.com/javascriptya/simulador/simuladorfba9.html]
[www.tutorialesprogramacionya.com/javascriptya/problemas/problemafba9.html]
[www.tutorialesprogramacionya.com/javascriptya/temarios/descripcion24f9.html]
[www.tutorialesprogramacionya.com/javascriptya/simulador/simulador1569.html]
[www.tutorialesprogramacionya.com/javascriptya/temarios/descripcion3121.html]
[www.tutorialesprogramacionya.com/javascriptya/simulador/simulador3579.html]
[www.tutorialesprogramacionya.com/javascriptya/temarios/descripcionaa7a.html]
[www.tutorialesprogramacionya.com/javascriptya/simulador/simulador578a.html]
[www.tutorialesprogramacionya.com/javascriptya/temarios/descripcioneee6.html]
[www.tutorialesprogramacionya.com/javascriptya/simulador/simulador1752.html]
[www.tutorialesprogramacionya.com/javascriptya/problemas/problema1752.html]
[www.tutorialesprogramacionya.com/javascriptya/temarios/descripcion68ca.html]
[www.tutorialesprogramacionya.com/javascriptya/simulador/simulador66eb.html]
[www.tutorialesprogramacionya.com/javascriptya/temarios/descripcionc286.html]
[www.tutorialesprogramacionya.com/javascriptya/simulador/simuladorf3a5.html]
[www.tutorialesprogramacionya.com/javascriptya/problemas/problemaf3a5.html]
[www.tutorialesprogramacionya.com/javascriptya/temarios/descripcion515e.html]
[www.tutorialesprogramacionya.com/javascriptya/simulador/simuladorf777.html]
[www.tutorialesprogramacionya.com/javascriptya/problemas/problemaf777.html]
[www.tutorialesprogramacionya.com/javascriptya/temarios/descripcionb57a.html]
[www.tutorialesprogramacionya.com/javascriptya/simulador/simulador62bc.html]
[www.tutorialesprogramacionya.com/javascriptya/temarios/descripcion7cf1.html]
[www.tutorialesprogramacionya.com/javascriptya/simulador/simuladord4b5.html]
[www.tutorialesprogramacionya.com/javascriptya/problemas/problemad4b5.html]
[www.tutorialesprogramacionya.com/javascriptya/temarios/descripcion0849.html]
[www.tutorialesprogramacionya.com/javascriptya/simulador/simuladorece1.html]
[www.tutorialesprogramacionya.com/javascriptya/temarios/descripcion0861.html]
[www.tutorialesprogramacionya.com/javascriptya/simulador/simulador77e5.html]
[www.tutorialesprogramacionya.com/javascriptya/temarios/descripcioncbc7.html]
[www.tutorialesprogramacionya.com/javascriptya/simulador/simulador58b4.html]
[www.tutorialesprogramacionya.com/javascriptya/temarios/imagentema/foto006.jpg]
[www.tutorialesprogramacionya.com/javascriptya/temarios/imagentema/foto007.jpg]
[www.tutorialesprogramacionya.com/javascriptya/temarios/imagentema/foto008.jpg]
[www.tutorialesprogramacionya.com/javascriptya/temarios/descripcion6f25.html]
[www.tutorialesprogramacionya.com/javascriptya/simulador/simulador654a.html]
[www.tutorialesprogramacionya.com/javascriptya/temarios/descripcion637d.html]
[www.tutorialesprogramacionya.com/javascriptya/simulador/simuladorb5e3.html]
[www.tutorialesprogramacionya.com/javascriptya/problemas/problemab5e3.html]
[www.tutorialesprogramacionya.com/javascriptya/temarios/imagentema/foto009.jpg]
[www.tutorialesprogramacionya.com/javascriptya/temarios/descripcion2784.html]
[www.tutorialesprogramacionya.com/javascriptya/simulador/simulador0e23.html]
[www.tutorialesprogramacionya.com/javascriptya/problemas/problema0e23.html]
[www.tutorialesprogramacionya.com/javascriptya/temarios/descripcion5bbc.html]
[www.tutorialesprogramacionya.com/javascriptya/simulador/simulador8d12.html]
[www.tutorialesprogramacionya.com/javascriptya/problemas/problema8d12.html]
[www.tutorialesprogramacionya.com/javascriptya/temarios/descripcionb759.html]
[www.tutorialesprogramacionya.com/javascriptya/simulador/simulador72f8.html]
[www.tutorialesprogramacionya.com/javascriptya/problemas/problema72f8.html]
[www.tutorialesprogramacionya.com/javascriptya/temarios/descripcion1eea.html]
[www.tutorialesprogramacionya.com/javascriptya/simulador/simulador9d3d.html]
[www.tutorialesprogramacionya.com/javascriptya/problemas/problema9d3d.html]
[www.tutorialesprogramacionya.com/javascriptya/temarios/descripcioncaa3.html]
[www.tutorialesprogramacionya.com/javascriptya/simulador/simulador38a2.html]
[www.tutorialesprogramacionya.com/javascriptya/problemas/problema38a2.html]
[www.tutorialesprogramacionya.com/javascriptya/temarios/descripcion0619.html]
[www.tutorialesprogramacionya.com/javascriptya/simulador/simuladorf4ba.html]
[www.tutorialesprogramacionya.com/javascriptya/problemas/problemaf4ba.html]
[www.tutorialesprogramacionya.com/javascriptya/temarios/descripcion6f66.html]
[www.tutorialesprogramacionya.com/javascriptya/simulador/simuladore736.html]
[www.tutorialesprogramacionya.com/javascriptya/problemas/problemae736.html]
[www.tutorialesprogramacionya.com/javascriptya/temarios/descripcion8248.html]
[www.tutorialesprogramacionya.com/javascriptya/simulador/simulador155b.html]
[www.tutorialesprogramacionya.com/javascriptya/problemas/problema155b.html]
[www.tutorialesprogramacionya.com/javascriptya/temarios/descripcion4a48.html]
[www.tutorialesprogramacionya.com/javascriptya/simulador/simuladorca8c.html]
[www.tutorialesprogramacionya.com/javascriptya/problemas/problemaca8c.html]
[www.tutorialesprogramacionya.com/javascriptya/temarios/descripcion7230.html]
[www.tutorialesprogramacionya.com/javascriptya/simulador/simuladora103.html]
[www.tutorialesprogramacionya.com/javascriptya/problemas/problemaa103.html]
[www.tutorialesprogramacionya.com/javascriptya/temarios/descripcion53e7.html]
[www.tutorialesprogramacionya.com/javascriptya/temarios/imagentema/foto011.jpg]
[www.tutorialesprogramacionya.com/javascriptya/temarios/imagentema/foto012.jpg]
[www.tutorialesprogramacionya.com/javascriptya/temarios/descripcion9ddf.html]
[www.tutorialesprogramacionya.com/javascriptya/simulador/simuladorb754.html]
[www.tutorialesprogramacionya.com/javascriptya/problemas/problemab754.html]
[www.tutorialesprogramacionya.com/javascriptya/temarios/imagentema/foto013.jpg]
[www.tutorialesprogramacionya.com/javascriptya/temarios/descripcion43ef.html]
[www.tutorialesprogramacionya.com/javascriptya/simulador/simulador5a94.html]
[www.tutorialesprogramacionya.com/javascriptya/problemas/problema5a94.html]
[www.tutorialesprogramacionya.com/javascriptya/temarios/descripcion1ff5.html]
[www.tutorialesprogramacionya.com/javascriptya/temarios/imagentema/foto014.jpg]
[www.tutorialesprogramacionya.com/javascriptya/temarios/descripcion2665.html]
[www.tutorialesprogramacionya.com/javascriptya/simulador/simuladorf4a0.html]
[www.tutorialesprogramacionya.com/javascriptya/temarios/imagentema/foto015.jpg]
[www.tutorialesprogramacionya.com/javascriptya/temarios/imagentema/foto016.jpg]
[www.tutorialesprogramacionya.com/javascriptya/temarios/descripcion6330.html]
[www.tutorialesprogramacionya.com/javascriptya/simulador/simulador4bc6.html]
[www.tutorialesprogramacionya.com/javascriptya/problemas/problema4bc6.html]
[www.tutorialesprogramacionya.com/javascriptya/temarios/descripcion69ac.html]
[www.tutorialesprogramacionya.com/javascriptya/temarios/imagentema/foto017.jpg]
[www.tutorialesprogramacionya.com/javascriptya/temarios/descripcionf204.html]
[www.tutorialesprogramacionya.com/javascriptya/simulador/simulador752f.html]
[www.tutorialesprogramacionya.com/javascriptya/problemas/problema752f.html]
[cdn.jsdelivr.net/npm/bootstrap@5.0.2/dist/css/bootstrap.min.css]
[www.tutorialesprogramacionya.com/javascriptya/temarios/imagentema/foto018.jpg]
[www.tutorialesprogramacionya.com/javascriptya/temarios/descripcionace9.html]
[www.tutorialesprogramacionya.com/javascriptya/simulador/aries.png]
[www.tutorialesprogramacionya.com/javascriptya/simulador/tauro.png]
[www.tutorialesprogramacionya.com/javascriptya/simulador/geminis.png]
[www.tutorialesprogramacionya.com/javascriptya/simulador/simulador2cd6.html]
[www.tutorialesprogramacionya.com/javascriptya/problemas/problema2cd6.html]
[www.tutorialesprogramacionya.com/javascriptya/temarios/imagentema/foto019.jpg]
[www.tutorialesprogramacionya.com/javascriptya/temarios/descripcion0dc4.html]
[www.tutorialesprogramacionya.com/javascriptya/temarios/descripcionf4fa.html]
[cdn.jsdelivr.net/npm/bootstrap@5.0.2/dist/css/bootstrap.min.css]
